[2026-06-09 15:10:51.191][INF][Bootstrapper]           <2> ===================================
[2026-06-09 15:10:51.218][INF][Bootstrapper]           <2> MaaAssistantArknights GUI started
[2026-06-09 15:10:51.219][INF][Bootstrapper]           <2> Version v6.11.1
[2026-06-09 15:10:51.220][INF][Bootstrapper]           <2> Built at 2026-06-02T05:49:51.3546842+08:00
[2026-06-09 15:10:51.221][INF][Bootstrapper]           <2> Maa ENV: Production
[2026-06-09 15:10:51.221][INF][Bootstrapper]           <2> Command Line: D:\1-2\MAAOrch\services\maa\v6.11.1\MAA.dll
[2026-06-09 15:10:51.221][INF][Bootstrapper]           <2> User Dir D:\1-2\MAAOrch\services\maa\v6.11.1\
[2026-06-09 15:10:51.272][INF][Bootstrapper]           <2> ===================================
[2026-06-09 15:10:51.397][WRN][ConfigurationHelper]    <2> Failed to load configuration file and/or backup file, using default settings
[2026-06-09 15:10:52.745][WRN][FaultTolerantRootConverter] <2> Invalid value in configuration JSON at path $.GUI.MinimizeToTray; removed property and retrying (1/20)
System.Text.Json.JsonException: The JSON value could not be converted to System.Boolean. Path: $.GUI.MinimizeToTray | LineNumber: 0 | BytePositionInLine: 31.
 ---> System.InvalidOperationException: Cannot get the value of a token type 'String' as a boolean.
   at System.Text.Json.ThrowHelper.ThrowInvalidOperationException_ExpectedBoolean(JsonTokenType tokenType)
   at System.Text.Json.Utf8JsonReader.GetBoolean()
   at System.Text.Json.Serialization.Metadata.JsonPropertyInfo`1.ReadJsonAndSetMember(Object obj, ReadStack& state, Utf8JsonReader& reader)
   at System.Text.Json.Serialization.Converters.ObjectDefaultConverter`1.OnTryRead(Utf8JsonReader& reader, Type typeToConvert, JsonSerializerOptions options, ReadStack& state, T& value)
   at System.Text.Json.Serialization.JsonConverter`1.TryRead(Utf8JsonReader& reader, Type typeToConvert, JsonSerializerOptions options, ReadStack& state, T& value, Boolean& isPopulatedValue)
   at System.Text.Json.Serialization.Metadata.JsonPropertyInfo`1.ReadJsonAndSetMember(Object obj, ReadStack& state, Utf8JsonReader& reader)
   at System.Text.Json.Serialization.Converters.ObjectDefaultConverter`1.OnTryRead(Utf8JsonReader& reader, Type typeToConvert, JsonSerializerOptions options, ReadStack& state, T& value)
   at System.Text.Json.Serialization.JsonConverter`1.TryRead(Utf8JsonReader& reader, Type typeToConvert, JsonSerializerOptions options, ReadStack& state, T& value, Boolean& isPopulatedValue)
   at System.Text.Json.Serialization.JsonConverter`1.ReadCore(Utf8JsonReader& reader, T& value, JsonSerializerOptions options, ReadStack& state)
   --- End of inner exception stack trace ---
   at System.Text.Json.ThrowHelper.ReThrowWithPath(ReadStack& state, Utf8JsonReader& reader, Exception ex)
   at System.Text.Json.Serialization.JsonConverter`1.ReadCore(Utf8JsonReader& reader, T& value, JsonSerializerOptions options, ReadStack& state)
   at System.Text.Json.Serialization.Metadata.JsonTypeInfo`1.Deserialize(Utf8JsonReader& reader, ReadStack& state)
   at System.Text.Json.JsonSerializer.ReadFromSpan[TValue](ReadOnlySpan`1 utf8Json, JsonTypeInfo`1 jsonTypeInfo, Nullable`1 actualByteCount)
   at System.Text.Json.JsonSerializer.ReadFromSpan[TValue](ReadOnlySpan`1 json, JsonTypeInfo`1 jsonTypeInfo)
   at System.Text.Json.JsonSerializer.Deserialize[TValue](String json, JsonSerializerOptions options)
   at MaaWpfGui.Configuration.Converter.FightTaskStageResetModeInvalidToIgnoreConverter.Read(Utf8JsonReader& reader, Type typeToConvert, JsonSerializerOptions options)
   at System.Text.Json.Serialization.JsonConverter`1.TryRead(Utf8JsonReader& reader, Type typeToConvert, JsonSerializerOptions options, ReadStack& state, T& value, Boolean& isPopulatedValue)
   at System.Text.Json.Serialization.JsonConverter`1.ReadCore(Utf8JsonReader& reader, T& value, JsonSerializerOptions options, ReadStack& state)
   at System.Text.Json.Serialization.Metadata.JsonTypeInfo`1.Deserialize(Utf8JsonReader& reader, ReadStack& state)
   at System.Text.Json.JsonSerializer.ReadFromSpan[TValue](ReadOnlySpan`1 utf8Json, JsonTypeInfo`1 jsonTypeInfo, Nullable`1 actualByteCount)
   at System.Text.Json.JsonSerializer.ReadFromSpan[TValue](ReadOnlySpan`1 json, JsonTypeInfo`1 jsonTypeInfo)
   at System.Text.Json.JsonSerializer.Deserialize[TValue](String json, JsonSerializerOptions options)
   at MaaWpfGui.Configuration.Converter.FaultTolerantRootConverter.Read(Utf8JsonReader& reader, Type typeToConvert, JsonSerializerOptions options)
[2026-06-09 15:10:52.836][INF][FaultTolerantRootConverter] <2> Deserialization succeeded after 1 recovery attempt(s)
[2026-06-09 15:10:52.848][INF][ConfigurationHelper]    <2> D:\1-2\MAAOrch\services\maa\v6.11.1\config\gui.new.json.bak saved
[2026-06-09 15:10:52.863][INF][ConfigurationHelper]    <2> Configuration Root.Configurations.Default has been set: `null` -> `MaaWpfGui.Configuration.Single.SpecificConfig`, save scheduled
[2026-06-09 15:10:53.459][ERR][ConfigurationHelper]    <2> Failed to save configuration file.
System.IO.IOException: The process cannot access the file 'D:\1-2\MAAOrch\services\maa\v6.11.1\config\gui.json' because it is being used by another process.
   at Microsoft.Win32.SafeHandles.SafeFileHandle.CreateFile(String fullPath, FileMode mode, FileAccess access, FileShare share, FileOptions options)
   at Microsoft.Win32.SafeHandles.SafeFileHandle.Open(String fullPath, FileMode mode, FileAccess access, FileShare share, FileOptions options, Int64 preallocationSize, Nullable`1 unixCreateMode)
   at System.IO.File.OpenHandle(String path, FileMode mode, FileAccess access, FileShare share, FileOptions options, Int64 preallocationSize)
   at System.IO.File.WriteToFile(String path, FileMode mode, ReadOnlySpan`1 contents, Encoding encoding)
   at System.IO.File.WriteAllText(String path, String contents, Encoding encoding)
   at MaaWpfGui.Helper.ConfigurationHelper.Save(String file)
[2026-06-09 15:10:53.459][WRN][ConfigurationHelper]    <2> Failed to save configuration Connect.LdPlayerIndex to `0`
[2026-06-09 15:10:53.460][ERR][ConfigurationHelper]    <2> Failed to save configuration file.
System.IO.IOException: The process cannot access the file 'D:\1-2\MAAOrch\services\maa\v6.11.1\config\gui.json' because it is being used by another process.
   at Microsoft.Win32.SafeHandles.SafeFileHandle.CreateFile(String fullPath, FileMode mode, FileAccess access, FileShare share, FileOptions options)
   at Microsoft.Win32.SafeHandles.SafeFileHandle.Open(String fullPath, FileMode mode, FileAccess access, FileShare share, FileOptions options, Int64 preallocationSize, Nullable`1 unixCreateMode)
   at System.IO.File.OpenHandle(String path, FileMode mode, FileAccess access, FileShare share, FileOptions options, Int64 preallocationSize)
   at System.IO.File.WriteToFile(String path, FileMode mode, ReadOnlySpan`1 contents, Encoding encoding)
   at System.IO.File.WriteAllText(String path, String contents, Encoding encoding)
   at MaaWpfGui.Helper.ConfigurationHelper.Save(String file)
[2026-06-09 15:10:53.460][WRN][ConfigurationHelper]    <2> Failed to save configuration Connect.RetryOnDisconnected to `False`
[2026-06-09 15:10:53.460][ERR][ConfigurationHelper]    <2> Failed to save configuration file.
System.IO.IOException: The process cannot access the file 'D:\1-2\MAAOrch\services\maa\v6.11.1\config\gui.json' because it is being used by another process.
   at Microsoft.Win32.SafeHandles.SafeFileHandle.CreateFile(String fullPath, FileMode mode, FileAccess access, FileShare share, FileOptions options)
   at Microsoft.Win32.SafeHandles.SafeFileHandle.Open(String fullPath, FileMode mode, FileAccess access, FileShare share, FileOptions options, Int64 preallocationSize, Nullable`1 unixCreateMode)
   at System.IO.File.OpenHandle(String path, FileMode mode, FileAccess access, FileShare share, FileOptions options, Int64 preallocationSize)
   at System.IO.File.WriteToFile(String path, FileMode mode, ReadOnlySpan`1 contents, Encoding encoding)
   at System.IO.File.WriteAllText(String path, String contents, Encoding encoding)
   at MaaWpfGui.Helper.ConfigurationHelper.Save(String file)
[2026-06-09 15:10:53.460][WRN][ConfigurationHelper]    <2> Failed to save configuration Connect.AllowADBRestart to `True`
[2026-06-09 15:10:53.460][ERR][ConfigurationHelper]    <2> Failed to save configuration file.
System.IO.IOException: The process cannot access the file 'D:\1-2\MAAOrch\services\maa\v6.11.1\config\gui.json' because it is being used by another process.
   at Microsoft.Win32.SafeHandles.SafeFileHandle.CreateFile(String fullPath, FileMode mode, FileAccess access, FileShare share, FileOptions options)
   at Microsoft.Win32.SafeHandles.SafeFileHandle.Open(String fullPath, FileMode mode, FileAccess access, FileShare share, FileOptions options, Int64 preallocationSize, Nullable`1 unixCreateMode)
   at System.IO.File.OpenHandle(String path, FileMode mode, FileAccess access, FileShare share, FileOptions options, Int64 preallocationSize)
   at System.IO.File.WriteToFile(String path, FileMode mode, ReadOnlySpan`1 contents, Encoding encoding)
   at System.IO.File.WriteAllText(String path, String contents, Encoding encoding)
   at MaaWpfGui.Helper.ConfigurationHelper.Save(String file)
[2026-06-09 15:10:53.461][WRN][ConfigurationHelper]    <2> Failed to save configuration Connect.AllowADBHardRestart to `True`
[2026-06-09 15:10:53.461][ERR][ConfigurationHelper]    <2> Failed to save configuration file.
System.IO.IOException: The process cannot access the file 'D:\1-2\MAAOrch\services\maa\v6.11.1\config\gui.json' because it is being used by another process.
   at Microsoft.Win32.SafeHandles.SafeFileHandle.CreateFile(String fullPath, FileMode mode, FileAccess access, FileShare share, FileOptions options)
   at Microsoft.Win32.SafeHandles.SafeFileHandle.Open(String fullPath, FileMode mode, FileAccess access, FileShare share, FileOptions options, Int64 preallocationSize, Nullable`1 unixCreateMode)
   at System.IO.File.OpenHandle(String path, FileMode mode, FileAccess access, FileShare share, FileOptions options, Int64 preallocationSize)
   at System.IO.File.WriteToFile(String path, FileMode mode, ReadOnlySpan`1 contents, Encoding encoding)
   at System.IO.File.WriteAllText(String path, String contents, Encoding encoding)
   at MaaWpfGui.Helper.ConfigurationHelper.Save(String file)
[2026-06-09 15:10:53.461][WRN][ConfigurationHelper]    <2> Failed to save configuration Connect.AdbLiteEnabled to `False`
[2026-06-09 15:10:53.461][ERR][ConfigurationHelper]    <2> Failed to save configuration file.
System.IO.IOException: The process cannot access the file 'D:\1-2\MAAOrch\services\maa\v6.11.1\config\gui.json' because it is being used by another process.
   at Microsoft.Win32.SafeHandles.SafeFileHandle.CreateFile(String fullPath, FileMode mode, FileAccess access, FileShare share, FileOptions options)
   at Microsoft.Win32.SafeHandles.SafeFileHandle.Open(String fullPath, FileMode mode, FileAccess access, FileShare share, FileOptions options, Int64 preallocationSize, Nullable`1 unixCreateMode)
   at System.IO.File.OpenHandle(String path, FileMode mode, FileAccess access, FileShare share, FileOptions options, Int64 preallocationSize)
   at System.IO.File.WriteToFile(String path, FileMode mode, ReadOnlySpan`1 contents, Encoding encoding)
   at System.IO.File.WriteAllText(String path, String contents, Encoding encoding)
   at MaaWpfGui.Helper.ConfigurationHelper.Save(String file)
[2026-06-09 15:10:53.461][WRN][ConfigurationHelper]    <2> Failed to save configuration Connect.KillAdbOnExit to `False`
[2026-06-09 15:10:53.462][ERR][ConfigurationHelper]    <2> Failed to save configuration file.
System.IO.IOException: The process cannot access the file 'D:\1-2\MAAOrch\services\maa\v6.11.1\config\gui.json' because it is being used by another process.
   at Microsoft.Win32.SafeHandles.SafeFileHandle.CreateFile(String fullPath, FileMode mode, FileAccess access, FileShare share, FileOptions options)
   at Microsoft.Win32.SafeHandles.SafeFileHandle.Open(String fullPath, FileMode mode, FileAccess access, FileShare share, FileOptions options, Int64 preallocationSize, Nullable`1 unixCreateMode)
   at System.IO.File.OpenHandle(String path, FileMode mode, FileAccess access, FileShare share, FileOptions options, Int64 preallocationSize)
   at System.IO.File.WriteToFile(String path, FileMode mode, ReadOnlySpan`1 contents, Encoding encoding)
   at System.IO.File.WriteAllText(String path, String contents, Encoding encoding)
   at MaaWpfGui.Helper.ConfigurationHelper.Save(String file)
[2026-06-09 15:10:53.462][WRN][ConfigurationHelper]    <2> Failed to save configuration Bluestacks.Config.Path to ``
[2026-06-09 15:10:53.462][ERR][ConfigurationHelper]    <2> Failed to save configuration file.
System.IO.IOException: The process cannot access the file 'D:\1-2\MAAOrch\services\maa\v6.11.1\config\gui.json' because it is being used by another process.
   at Microsoft.Win32.SafeHandles.SafeFileHandle.CreateFile(String fullPath, FileMode mode, FileAccess access, FileShare share, FileOptions options)
   at Microsoft.Win32.SafeHandles.SafeFileHandle.Open(String fullPath, FileMode mode, FileAccess access, FileShare share, FileOptions options, Int64 preallocationSize, Nullable`1 unixCreateMode)
   at System.IO.File.OpenHandle(String path, FileMode mode, FileAccess access, FileShare share, FileOptions options, Int64 preallocationSize)
   at System.IO.File.WriteToFile(String path, FileMode mode, ReadOnlySpan`1 contents, Encoding encoding)
   at System.IO.File.WriteAllText(String path, String contents, Encoding encoding)
   at MaaWpfGui.Helper.ConfigurationHelper.Save(String file)
[2026-06-09 15:10:53.462][WRN][ConfigurationHelper]    <2> Failed to save configuration Bluestacks.Config.Keyword to ``
[2026-06-09 15:10:53.462][ERR][ConfigurationHelper]    <2> Failed to save configuration file.
System.IO.IOException: The process cannot access the file 'D:\1-2\MAAOrch\services\maa\v6.11.1\config\gui.json' because it is being used by another process.
   at Microsoft.Win32.SafeHandles.SafeFileHandle.CreateFile(String fullPath, FileMode mode, FileAccess access, FileShare share, FileOptions options)
   at Microsoft.Win32.SafeHandles.SafeFileHandle.Open(String fullPath, FileMode mode, FileAccess access, FileShare share, FileOptions options, Int64 preallocationSize, Nullable`1 unixCreateMode)
   at System.IO.File.OpenHandle(String path, FileMode mode, FileAccess access, FileShare share, FileOptions options, Int64 preallocationSize)
   at System.IO.File.WriteToFile(String path, FileMode mode, ReadOnlySpan`1 contents, Encoding encoding)
   at System.IO.File.WriteAllText(String path, String contents, Encoding encoding)
   at MaaWpfGui.Helper.ConfigurationHelper.Save(String file)
[2026-06-09 15:10:53.462][WRN][ConfigurationHelper]    <2> Failed to save configuration Connect.TouchMode to `minitouch`
[2026-06-09 15:10:53.463][ERR][ConfigurationHelper]    <2> Failed to save configuration file.
System.IO.IOException: The process cannot access the file 'D:\1-2\MAAOrch\services\maa\v6.11.1\config\gui.json' because it is being used by another process.
   at Microsoft.Win32.SafeHandles.SafeFileHandle.CreateFile(String fullPath, FileMode mode, FileAccess access, FileShare share, FileOptions options)
   at Microsoft.Win32.SafeHandles.SafeFileHandle.Open(String fullPath, FileMode mode, FileAccess access, FileShare share, FileOptions options, Int64 preallocationSize, Nullable`1 unixCreateMode)
   at System.IO.File.OpenHandle(String path, FileMode mode, FileAccess access, FileShare share, FileOptions options, Int64 preallocationSize)
   at System.IO.File.WriteToFile(String path, FileMode mode, ReadOnlySpan`1 contents, Encoding encoding)
   at System.IO.File.WriteAllText(String path, String contents, Encoding encoding)
   at MaaWpfGui.Helper.ConfigurationHelper.Save(String file)
[2026-06-09 15:10:53.463][WRN][ConfigurationHelper]    <2> Failed to save configuration Connect.AdbReplaced to `False`
[2026-06-09 15:10:53.463][ERR][ConfigurationHelper]    <2> Failed to save configuration file.
System.IO.IOException: The process cannot access the file 'D:\1-2\MAAOrch\services\maa\v6.11.1\config\gui.json' because it is being used by another process.
   at Microsoft.Win32.SafeHandles.SafeFileHandle.CreateFile(String fullPath, FileMode mode, FileAccess access, FileShare share, FileOptions options)
   at Microsoft.Win32.SafeHandles.SafeFileHandle.Open(String fullPath, FileMode mode, FileAccess access, FileShare share, FileOptions options, Int64 preallocationSize, Nullable`1 unixCreateMode)
   at System.IO.File.OpenHandle(String path, FileMode mode, FileAccess access, FileShare share, FileOptions options, Int64 preallocationSize)
   at System.IO.File.WriteToFile(String path, FileMode mode, ReadOnlySpan`1 contents, Encoding encoding)
   at System.IO.File.WriteAllText(String path, String contents, Encoding encoding)
   at MaaWpfGui.Helper.ConfigurationHelper.Save(String file)
[2026-06-09 15:10:53.463][WRN][ConfigurationHelper]    <2> Failed to save configuration Connect.AttachWindow.ScreencapMethod to `2`
[2026-06-09 15:10:53.464][ERR][ConfigurationHelper]    <2> Failed to save configuration file.
System.IO.IOException: The process cannot access the file 'D:\1-2\MAAOrch\services\maa\v6.11.1\config\gui.json' because it is being used by another process.
   at Microsoft.Win32.SafeHandles.SafeFileHandle.CreateFile(String fullPath, FileMode mode, FileAccess access, FileShare share, FileOptions options)
   at Microsoft.Win32.SafeHandles.SafeFileHandle.Open(String fullPath, FileMode mode, FileAccess access, FileShare share, FileOptions options, Int64 preallocationSize, Nullable`1 unixCreateMode)
   at System.IO.File.OpenHandle(String path, FileMode mode, FileAccess access, FileShare share, FileOptions options, Int64 preallocationSize)
   at System.IO.File.WriteToFile(String path, FileMode mode, ReadOnlySpan`1 contents, Encoding encoding)
   at System.IO.File.WriteAllText(String path, String contents, Encoding encoding)
   at MaaWpfGui.Helper.ConfigurationHelper.Save(String file)
[2026-06-09 15:10:53.464][WRN][ConfigurationHelper]    <2> Failed to save configuration Connect.AttachWindow.MouseMethod to `32`
[2026-06-09 15:10:53.464][ERR][ConfigurationHelper]    <2> Failed to save configuration file.
System.IO.IOException: The process cannot access the file 'D:\1-2\MAAOrch\services\maa\v6.11.1\config\gui.json' because it is being used by another process.
   at Microsoft.Win32.SafeHandles.SafeFileHandle.CreateFile(String fullPath, FileMode mode, FileAccess access, FileShare share, FileOptions options)
   at Microsoft.Win32.SafeHandles.SafeFileHandle.Open(String fullPath, FileMode mode, FileAccess access, FileShare share, FileOptions options, Int64 preallocationSize, Nullable`1 unixCreateMode)
   at System.IO.File.OpenHandle(String path, FileMode mode, FileAccess access, FileShare share, FileOptions options, Int64 preallocationSize)
   at System.IO.File.WriteToFile(String path, FileMode mode, ReadOnlySpan`1 contents, Encoding encoding)
   at System.IO.File.WriteAllText(String path, String contents, Encoding encoding)
   at MaaWpfGui.Helper.ConfigurationHelper.Save(String file)
[2026-06-09 15:10:53.464][WRN][ConfigurationHelper]    <2> Failed to save configuration Connect.AttachWindow.KeyboardMethod to `2`
[2026-06-09 15:10:54.040][ERR][ConfigurationHelper]    <2> Failed to save configuration file.
System.IO.IOException: The process cannot access the file 'D:\1-2\MAAOrch\services\maa\v6.11.1\config\gui.json' because it is being used by another process.
   at Microsoft.Win32.SafeHandles.SafeFileHandle.CreateFile(String fullPath, FileMode mode, FileAccess access, FileShare share, FileOptions options)
   at Microsoft.Win32.SafeHandles.SafeFileHandle.Open(String fullPath, FileMode mode, FileAccess access, FileShare share, FileOptions options, Int64 preallocationSize, Nullable`1 unixCreateMode)
   at System.IO.File.OpenHandle(String path, FileMode mode, FileAccess access, FileShare share, FileOptions options, Int64 preallocationSize)
   at System.IO.File.WriteToFile(String path, FileMode mode, ReadOnlySpan`1 contents, Encoding encoding)
   at System.IO.File.WriteAllText(String path, String contents, Encoding encoding)
   at MaaWpfGui.Helper.ConfigurationHelper.Save(String file)
[2026-06-09 15:10:54.040][WRN][ConfigurationHelper]    <2> Failed to save configuration ExternalNotification.TelegramTopicId to ``
[2026-06-09 15:10:54.049][ERR][ConfigurationHelper]    <2> Failed to save configuration file.
System.IO.IOException: The process cannot access the file 'D:\1-2\MAAOrch\services\maa\v6.11.1\config\gui.json' because it is being used by another process.
   at Microsoft.Win32.SafeHandles.SafeFileHandle.CreateFile(String fullPath, FileMode mode, FileAccess access, FileShare share, FileOptions options)
   at Microsoft.Win32.SafeHandles.SafeFileHandle.Open(String fullPath, FileMode mode, FileAccess access, FileShare share, FileOptions options, Int64 preallocationSize, Nullable`1 unixCreateMode)
   at System.IO.File.OpenHandle(String path, FileMode mode, FileAccess access, FileShare share, FileOptions options, Int64 preallocationSize)
   at System.IO.File.WriteToFile(String path, FileMode mode, ReadOnlySpan`1 contents, Encoding encoding)
   at System.IO.File.WriteAllText(String path, String contents, Encoding encoding)
   at MaaWpfGui.Helper.ConfigurationHelper.Save(String file)
[2026-06-09 15:10:54.049][WRN][ConfigurationHelper]    <2> Failed to save configuration ExternalNotification.Qmsg.Key to ``
[2026-06-09 15:10:54.086][INF][AsstProxy]              <2> AsstSetUserDir dirame: D:\1-2\MAAOrch\services\maa\v6.11.1\
[2026-06-09 15:10:54.086][INF][AsstProxy]              <2> AsstSetUserDir ret: true
[2026-06-09 15:10:56.738][INF][ItemListHelper]         <2> Loading item list from D:\1-2\MAAOrch\services\maa\v6.11.1\resource\item_index.json
[2026-06-09 15:10:56.756][INF][FightSettingsUserControlModel] <2> UpdateStageList Enter
[2026-06-09 15:10:56.761][INF][FightSettingsUserControlModel] <2> UpdateStageList Exit, 4 ms
[2026-06-09 15:10:56.814][INF][AsstProxy]              <9> LoadResource Enter
[2026-06-09 15:10:56.815][INF][AsstProxy]              <9> Load resource: D:\1-2\MAAOrch\services\maa\v6.11.1\resource
[2026-06-09 15:10:56.815][INF][AsstProxy]              <9> AsstLoadResource dirname: D:\1-2\MAAOrch\services\maa\v6.11.1
[2026-06-09 15:10:59.147][INF][HttpResponseLoggingExtension] <21> HTTP: OK GET https://api.maa.plus/MaaAssistantArknights/api/announcements/wpf.md "6a270925-1ad8" Mon, 08 Jun 2026 18:25:41 GMT 2346.828ms
[2026-06-09 15:10:59.150][INF][AnnouncementDialogViewModel] <21> ### 泡影苍霆活动关卡暂不支持多作业模式 (NEW!!!)

由于本次活动关卡的字体与界面结构较为特殊，MAA 无法在活动关卡中正常使用多作业模式。  
使用自动战斗功能时，请关闭 MAA 的「多作业模式」，并在干员编队界面启动任务。  
作业站中的「作业集」仅用于归纳作业，仍可正常导入。导入后可点击关卡名称右侧的文件图标，快速切换至对应关卡的单作业模式使用。

### 恶意捆绑及仿冒仓库

近期我们收到大量反馈，存在部分第三方账号以"MAA 教程 / 整合包 / 拓展功能"等名义发布视频，并通过"关注 + 三连 + 私信 / 网盘"等方式传播资源。  
目前已发现有人冒充项目创建假仓库、篡改源码等行为，甚至在其中夹带恶意可执行文件——例如在系统临时目录释放隐蔽的可执行程序，用于窃取个人信息、植入木马等。

我们已经针对已发现的仿冒仓库向 GitHub 提交了 DMCA 投诉，但由于处理流程原因，相关仓库目前仍可能被搜索到。

在此提醒大家：

• MAA 及相关项目完全免费、开源，**不会**以"关注、三连、私信"等方式作为获取资源的前提条件；  
• **官方唯一安全入口是[官网](https://maa.plus)**，所有下载链接、仓库地址均通过官网提供。搜索结果中可能存在同名仿冒仓库，请务必以官网链接为准；  
• 因部分地区 GitHub 下载较慢，我们会在官方用户群的群文件中同步上传最新版压缩包。官方群入口可在官网查看，或在软件设置 → 关于我们 → QQ 群中获取，请不要通过其他任何渠道加群；  
• 请谨慎使用各类整合包、修改版、二次打包版本，除非你完全信任其来源并已自行完成安全检测。

请大家注意辨别来源，保护自己的账号与设备安全，也欢迎帮忙转告身边朋友，避免踩坑。

----

### 📢 [MAA × Mirror酱] 社区资助计划

MAA 现已接入 [Mirror酱](https://mirrorchyan.com/?source=maa-anno) —— 一个面向开源社区的有偿分发平台：

🤝 **收益共享**

来自 [Mirror酱](https://mirrorchyan.com/?source=maa-anno) 的分成将用于 [MAA 官网](https://maa.plus/)、[作业站](https://zoot.plus/)及服务器维护。

❤️ **社区资助计划扩展**

作为非营利组织，**MAA 项目组** 与 **Mirror酱** 经友好协商后，决定联合启动 **社区资助计划**，将来自 **Mirror酱** 的收益分成及专项赞助资金，在扣除必要运营成本后，**全部** 用于为优质方舟社区项目承担运营成本。

<table>
  <tr>
    <td colspan="3">目前已为以下方舟社区项目承担服务器成本：</td>
  </tr>
  <tr>
    <td><a href="https://penguin-stats.cn/">企鹅物流数据统计</a></td>
    <td><a href="https://ark.yituliu.cn/">明日方舟一图流</a></td>
    <td><a href="https://wiki.arkrec.com/">明日方舟少人 WIKI</a></td>
  </tr>
  <tr>
    <td><a href="https://arkrog.com/">影语集</a></td>
    <td><a href="https://map.ark-nights.com/">PRTS.Map</a></td>
    <td><a href="https://www.amiyabot.com/">AmiyaBot</a></td>
  </tr>
  <tr>
    <td><a href="https://arkntools.app/">明日方舟工具箱</a></td>
    <td><a href="https://lungmendragons.com/">Lungmen Dragons</a></td>
    <td><a href="https://www.krooster.com/">ak-roster</a></td>
  </tr>
</table>

**资助原则**：  
• 清偿历史赤字  
• 持续支付服务器 / CDN 费用  
• 不参与项目内部运营，仅提供后勤支持

📜 **公告原文**: [链接](https://github.com/MaaAssistantArknights/MaaAssistantArknights/issues/12328)

----

### 📋 使用指引

**📖 官网与文档**  
您可以在「设置 - 关于我们 - 官网」找到 MAA 的官方网站和完整文档。

**🛟 遇到问题时**  
您可以前往「设置 - 问题反馈 - 打开日志文件夹」查看日志，了解错误发生的具体原因  
请使用「设置 - 问题反馈 - 生成日志压缩包」生成错误报告，并点击蓝色的「问题反馈」链接提交反馈

**⚠️ 反馈规范**  
MAA Team 仅受理用户通过 GitHub 平台依照 Issue 模板规范提交的反馈，并保留对所有反馈的处理决定权。

**💡 参与开源**  
作为开源项目，用户可依据 AGPL-3.0 许可证在 GitHub 平台参与 MAA 的开发。MAA Team 鼓励用户通过更有价值的代码贡献代替问题反馈。

**📄 用户协议**  
使用 MAA 即表示您同意遵守「用户协议」，完整协议内容可在官网底部的链接中查看。

----

### 现行更新方式

🌏 **海外源**

• **软件版本**：由 **MAA Team** 提供更新检测，从 **GitHub** 拉取更新包  
• **资源版本**：由 **Mirror酱** 提供免费的更新检测，可手动在设置中点击 `资源更新` 从 **GitHub** 下载

🔑 **Mirror酱**

填写 [CDK](https://mirrorchyan.com/?source=maa-anno) 后，支持**软件与资源的自动更新**，优先通过 **Mirror酱** 高速 CDN 下载，更稳定快速

📦 [**手动更新**](https://github.com/MaaAssistantArknights/MaaAssistantArknights/issues/10033)

• **软件版本**：解压完整包至**新**文件夹，可复制旧文件夹里的 `config` 和 `data` 文件夹来保留数据  
  ⚠️ 请勿直接覆盖，部分版本需清理旧文件，而手动覆盖不会执行这一步骤，错误操作可能会报资源损坏 ⚠️  
  🆕 v6.8.0-beta.2 及之后版本支持将软件完整包或对应版本的 OTA 更新 zip 包直接拖入软件窗口自动更新，并会正常执行旧文件清理步骤  
• **资源版本**：下载 [资源包](https://github.com/MaaAssistantArknights/MaaResource/archive/refs/heads/main.zip) 后，直接覆盖现有的 `resource` 文件夹  
  ⚠️ 资源包为增量内容，**请勿删除原文件夹**，会报资源损坏 ⚠️

----

### 更新说明

**软件版本**：包含主程序的界面和功能更新。所有界面相关改动、新功能添加都通过软件更新发布。  
**资源版本**：独立的素材数据更新，包含自动战斗所需的新关卡地图、掉落识别所需的掉落物图标、公招识别所需的干员标签等内容。  
**导航热更**：自动触发。用于更新活动提示和活动关卡入口，成功后界面右上角会提示「热更数据获取成功」。

软件版本发布时包含当时最新资源，若不使用需要最新资源的功能，可以暂时不更新资源；需要时请及时更新资源以保证正确运行。

----

### 长期公告

请不要在明日方舟及鹰角在各平台（包括不限于：森空岛、B 站、微博）的 **官方动态** 下讨论任何关于 MAA 内容。  

请勿参加内鬼消息的传播，**禁止** 将内鬼消息发送至任何 MAA 群。

[2026-06-09 15:10:59.673][INF][AsstProxy]              <9> AsstLoadResource ret: true
[2026-06-09 15:10:59.673][WRN][AsstProxy]              <9> Resource not found: D:\1-2\MAAOrch\services\maa\v6.11.1\cache\resource
[2026-06-09 15:10:59.673][INF][AsstProxy]              <9> LoadResource Exit, 2,858 ms
[2026-06-09 15:10:59.674][INF][RunningState]           <9> Init: false to true (called from Init)
[2026-06-09 15:10:59.688][INF][HttpResponseLoggingExtension] <2> HTTP: OK GET https://api.maa.plus/MaaAssistantArknights/api/resource/tasks.json "6a1e3bc5-6" Tue, 02 Jun 2026 02:11:17 GMT 2908.670ms
[2026-06-09 15:10:59.689][INF][HttpResponseLoggingExtension] <2> HTTP: OK GET https://api.maa.plus/MaaAssistantArknights/api/gui/StageActivityV2.json "6a217280-3054" Thu, 04 Jun 2026 12:41:36 GMT 2917.855ms
[2026-06-09 15:10:59.689][INF][HttpResponseLoggingExtension] <2> HTTP: OK GET https://api.maa.plus/MaaAssistantArknights/api/version/summary.json "6a274922-262" Mon, 08 Jun 2026 22:58:42 GMT 2887.522ms
[2026-06-09 15:10:59.785][INF][FightSettingsUserControlModel] <2> UpdateStageList Enter
[2026-06-09 15:10:59.786][INF][FightSettingsUserControlModel] <2> UpdateStageList Exit, 0 ms
[2026-06-09 15:11:01.018][INF][HttpResponseLoggingExtension] <2> HTTP: OK GET https://mirrorchyan.com/api/resources/MaaResource/latest null null 1227.062ms
[2026-06-09 15:11:01.019][INF][ResourceUpdater]        <2> {"code":0,"msg":"current resource latest version is 2026-06-08 13:49:00.000","data":{"version_name":"2026-06-08 13:49:00.000","version_number":246,"channel":"stable","os":"","arch":"","release_note":"幽境狩人"}}
[2026-06-09 15:11:01.020][INF][ResourceUpdater]        <2> New version found: 2026-06-08+13:49:00.000, 幽境狩人
[2026-06-09 15:11:01.045][INF][Bootstrapper]           <2> Existing instance window activated by a secondary launch
[2026-06-09 15:11:02.762][INF][RunningState]           <7> Idle state confirmed after 3 checks.
[2026-06-09 15:11:02.764][INF][AsstProxy]              <17> LoadResource Enter
[2026-06-09 15:11:02.764][INF][AsstProxy]              <17> Created directory: D:\1-2\MAAOrch\services\maa\v6.11.1\cache\resource\tasks
[2026-06-09 15:11:02.774][INF][AsstProxy]              <17> Moved D:\1-2\MAAOrch\services\maa\v6.11.1\cache\resource\tasks.json to D:\1-2\MAAOrch\services\maa\v6.11.1\cache\resource\tasks\tasks.json
[2026-06-09 15:11:02.774][INF][AsstProxy]              <17> Load resource: D:\1-2\MAAOrch\services\maa\v6.11.1\resource
[2026-06-09 15:11:02.774][INF][AsstProxy]              <17> AsstLoadResource dirname: D:\1-2\MAAOrch\services\maa\v6.11.1
[2026-06-09 15:11:03.047][INF][AsstProxy]              <17> AsstLoadResource ret: true
[2026-06-09 15:11:03.047][INF][AsstProxy]              <17> Load resource: D:\1-2\MAAOrch\services\maa\v6.11.1\cache\resource
[2026-06-09 15:11:03.047][INF][AsstProxy]              <17> AsstLoadResource dirname: D:\1-2\MAAOrch\services\maa\v6.11.1\cache
[2026-06-09 15:11:03.133][INF][AsstProxy]              <17> AsstLoadResource ret: true
[2026-06-09 15:11:03.134][INF][AsstProxy]              <17> LoadResource Exit, 369 ms
[2026-06-09 15:11:37.639][INF][Bootstrapper]           <2> Shutdown and restart without Args, call by `AskRestartToApplySettings`
[2026-06-09 15:11:37.689][INF][Bootstrapper]           <2> Shutdown called by `OnClose`
[2026-06-09 15:11:37.713][INF][ConfigurationHelper]    <2> D:\1-2\MAAOrch\services\maa\v6.11.1\config\gui.json saved
[2026-06-09 15:11:37.713][INF][ConfigurationHelper]    <2> Waiting for save task to complete
[2026-06-09 15:11:37.744][INF][ConfigurationHelper]    <2> D:\1-2\MAAOrch\services\maa\v6.11.1\config\gui.new.json saved
[2026-06-09 15:11:37.744][INF][Bootstrapper]           <2> MaaAssistantArknights GUI exited
[2026-06-09 15:11:37.744][INF][Bootstrapper]           <2> 
[2026-06-09 15:11:38.039][INF][Bootstrapper]           <2> ===================================
[2026-06-09 15:11:38.048][INF][Bootstrapper]           <2> MaaAssistantArknights GUI started
[2026-06-09 15:11:38.049][INF][Bootstrapper]           <2> Version v6.11.1
[2026-06-09 15:11:38.051][INF][Bootstrapper]           <2> Built at 2026-06-02T05:49:51.3546842+08:00
[2026-06-09 15:11:38.051][INF][Bootstrapper]           <2> Maa ENV: Production
[2026-06-09 15:11:38.051][INF][Bootstrapper]           <2> Command Line: D:\1-2\MAAOrch\services\maa\v6.11.1\MAA.dll
[2026-06-09 15:11:38.051][INF][Bootstrapper]           <2> User Dir D:\1-2\MAAOrch\services\maa\v6.11.1\
[2026-06-09 15:11:38.053][INF][Bootstrapper]           <2> ===================================
[2026-06-09 15:11:38.134][INF][ConfigurationHelper]    <2> D:\1-2\MAAOrch\services\maa\v6.11.1\config\gui.json.bak saved
[2026-06-09 15:11:39.036][INF][ConfigurationHelper]    <2> D:\1-2\MAAOrch\services\maa\v6.11.1\config\gui.new.json.bak saved
[2026-06-09 15:11:39.144][INF][AsstProxy]              <2> AsstSetUserDir dirame: D:\1-2\MAAOrch\services\maa\v6.11.1\
[2026-06-09 15:11:39.145][INF][AsstProxy]              <2> AsstSetUserDir ret: true
[2026-06-09 15:11:39.926][INF][ItemListHelper]         <2> Loading item list from D:\1-2\MAAOrch\services\maa\v6.11.1\resource\item_index.json
[2026-06-09 15:11:39.941][INF][FightSettingsUserControlModel] <2> UpdateStageList Enter
[2026-06-09 15:11:39.946][INF][FightSettingsUserControlModel] <2> UpdateStageList Exit, 4 ms
[2026-06-09 15:11:40.080][INF][AsstProxy]              <8> Using GPU NVIDIA GeForce RTX 3060 Laptop GPU (Driver 32.0.16.1047 2026-05-19)
[2026-06-09 15:11:40.259][INF][AsstProxy]              <8> LoadResource Enter
[2026-06-09 15:11:40.261][INF][AsstProxy]              <8> Moved D:\1-2\MAAOrch\services\maa\v6.11.1\cache\resource\tasks.json to D:\1-2\MAAOrch\services\maa\v6.11.1\cache\resource\tasks\tasks.json
[2026-06-09 15:11:40.261][INF][AsstProxy]              <8> Load resource: D:\1-2\MAAOrch\services\maa\v6.11.1\resource
[2026-06-09 15:11:40.261][INF][AsstProxy]              <8> AsstLoadResource dirname: D:\1-2\MAAOrch\services\maa\v6.11.1
[2026-06-09 15:11:40.523][INF][AsstProxy]              <8> AsstLoadResource ret: true
[2026-06-09 15:11:40.523][INF][AsstProxy]              <8> Load resource: D:\1-2\MAAOrch\services\maa\v6.11.1\cache\resource
[2026-06-09 15:11:40.523][INF][AsstProxy]              <8> AsstLoadResource dirname: D:\1-2\MAAOrch\services\maa\v6.11.1\cache
[2026-06-09 15:11:40.534][INF][HttpResponseLoggingExtension] <18> HTTP: NotModified GET https://api.maa.plus/MaaAssistantArknights/api/announcements/wpf.md "6a270925-1ad8" Mon, 08 Jun 2026 18:25:41 GMT 554.372ms
[2026-06-09 15:11:40.604][INF][AsstProxy]              <8> AsstLoadResource ret: true
[2026-06-09 15:11:40.604][INF][AsstProxy]              <8> LoadResource Exit, 344 ms
[2026-06-09 15:11:40.605][INF][RunningState]           <8> Init: false to true (called from Init)
[2026-06-09 15:11:41.315][INF][WindowManager]          <2> Whether the window placement was set successfully: true
[2026-06-09 15:11:41.365][INF][HttpResponseLoggingExtension] <2> HTTP: NotModified GET https://api.maa.plus/MaaAssistantArknights/api/gui/StageActivityV2.json "6a217280-3054" Thu, 04 Jun 2026 12:41:36 GMT 1409.221ms
[2026-06-09 15:11:41.369][INF][HttpResponseLoggingExtension] <2> HTTP: NotModified GET https://api.maa.plus/MaaAssistantArknights/api/resource/tasks.json "6a1e3bc5-6" Tue, 02 Jun 2026 02:11:17 GMT 1405.947ms
[2026-06-09 15:11:41.370][INF][HttpResponseLoggingExtension] <2> HTTP: NotModified GET https://api.maa.plus/MaaAssistantArknights/api/version/summary.json "6a274922-262" Mon, 08 Jun 2026 22:58:42 GMT 1388.595ms
[2026-06-09 15:11:41.382][INF][FightSettingsUserControlModel] <2> UpdateStageList Enter
[2026-06-09 15:11:41.382][INF][FightSettingsUserControlModel] <2> UpdateStageList Exit, 0 ms
[2026-06-09 15:11:41.838][INF][HttpResponseLoggingExtension] <2> HTTP: OK GET https://mirrorchyan.com/api/resources/MaaResource/latest null null 450.335ms
[2026-06-09 15:11:41.843][INF][ResourceUpdater]        <2> {"code":0,"msg":"current resource latest version is 2026-06-08 13:49:00.000","data":{"version_name":"2026-06-08 13:49:00.000","version_number":246,"channel":"stable","os":"","arch":"","release_note":"幽境狩人"}}
[2026-06-09 15:11:41.844][INF][ResourceUpdater]        <2> New version found: 2026-06-08+13:49:00.000, 幽境狩人
[2026-06-09 15:11:44.457][INF][ConfigurationHelper]    <2> Configuration AnnouncementInfo.DoNotShowAgain has been set: `false` -> `true`, save scheduled
[2026-06-09 15:11:58.506][INF][ConfigurationHelper]    <2> Configuration Root.Configurations.Default.[0](StartUpTask).IsEnable has been set: `true` -> `false`, save scheduled
[2026-06-09 15:11:58.507][INF][ConfigurationHelper]    <2> Configuration Root.Configurations.Default.[1](FightTask).IsEnable has been set: `true` -> `false`, save scheduled
[2026-06-09 15:11:58.508][INF][ConfigurationHelper]    <2> Configuration Root.Configurations.Default.[2](InfrastTask).IsEnable has been set: `true` -> `false`, save scheduled
[2026-06-09 15:11:58.508][INF][ConfigurationHelper]    <2> Configuration Root.Configurations.Default.[3](RecruitTask).IsEnable has been set: `true` -> `false`, save scheduled
[2026-06-09 15:11:58.509][INF][ConfigurationHelper]    <2> Configuration Root.Configurations.Default.[4](MallTask).IsEnable has been set: `true` -> `false`, save scheduled
[2026-06-09 15:11:58.509][INF][ConfigurationHelper]    <2> Configuration Root.Configurations.Default.[5](AwardTask).IsEnable has been set: `true` -> `false`, save scheduled
[2026-06-09 15:11:58.509][INF][ConfigurationHelper]    <2> Configuration Root.Configurations.Default.[6](RoguelikeTask).IsEnable has been set: `true` -> `false`, save scheduled
[2026-06-09 15:11:58.510][INF][ConfigurationHelper]    <2> Configuration Root.Configurations.Default.[7](ReclamationTask).IsEnable has been set: `true` -> `false`, save scheduled
[2026-06-09 15:11:58.510][INF][ConfigurationHelper]    <2> Configuration Root.Configurations.Default.[8](UserDataUpdateTask).IsEnable has been set: `true` -> `false`, save scheduled
[2026-06-09 15:11:59.684][INF][HttpResponseLoggingExtension] <2> HTTP: OK GET https://mirrorchyan.com/api/resources/MaaResource/latest null null 33.368ms
[2026-06-09 15:11:59.684][INF][ResourceUpdater]        <2> {"code":0,"msg":"current resource latest version is 2026-06-08 13:49:00.000","data":{"version_name":"2026-06-08 13:49:00.000","version_number":246,"channel":"stable","os":"","arch":"","release_note":"幽境狩人"}}
[2026-06-09 15:11:59.684][INF][ResourceUpdater]        <2> New version found: 2026-06-08+13:49:00.000, 幽境狩人
[2026-06-09 15:11:59.714][INF][HttpService]            <2> Start to download file from "https://github.com/MaaAssistantArknights/MaaResource/archive/refs/heads/main.zip" and save to D:\1-2\MAAOrch\services\maa\v6.11.1\MaaResourceGithub.zip.temp
[2026-06-09 15:12:00.407][INF][HttpResponseLoggingExtension] <2> HTTP: OK GET https://codeload.github.com/MaaAssistantArknights/MaaResource/zip/refs/heads/main "9f2cdce6f909b31d3eabfa097cd418914078ff9e1606d25cfd490be0f5aa5123" null 692.487ms
[2026-06-09 15:12:02.513][INF][HttpService]            <2> Remove download temp file D:\1-2\MAAOrch\services\maa\v6.11.1\MaaResourceGithub.zip.temp
[2026-06-09 15:12:16.511][INF][RunningState]           <2> Idle state confirmed after 3 checks.
[2026-06-09 15:12:16.513][INF][AsstProxy]              <12> LoadResource Enter
[2026-06-09 15:12:16.514][INF][AsstProxy]              <12> Moved D:\1-2\MAAOrch\services\maa\v6.11.1\cache\resource\tasks.json to D:\1-2\MAAOrch\services\maa\v6.11.1\cache\resource\tasks\tasks.json
[2026-06-09 15:12:16.514][INF][AsstProxy]              <12> Load resource: D:\1-2\MAAOrch\services\maa\v6.11.1\resource
[2026-06-09 15:12:16.514][INF][AsstProxy]              <12> AsstLoadResource dirname: D:\1-2\MAAOrch\services\maa\v6.11.1
[2026-06-09 15:12:16.814][INF][AsstProxy]              <12> AsstLoadResource ret: true
[2026-06-09 15:12:16.814][INF][AsstProxy]              <12> Load resource: D:\1-2\MAAOrch\services\maa\v6.11.1\cache\resource
[2026-06-09 15:12:16.814][INF][AsstProxy]              <12> AsstLoadResource dirname: D:\1-2\MAAOrch\services\maa\v6.11.1\cache
[2026-06-09 15:12:16.901][INF][AsstProxy]              <12> AsstLoadResource ret: true
[2026-06-09 15:12:16.901][INF][AsstProxy]              <12> LoadResource Exit, 388 ms
[2026-06-09 15:12:19.754][INF][HttpResponseLoggingExtension] <2> HTTP: NotModified GET https://api.maa.plus/MaaAssistantArknights/api/version/summary.json "6a274922-262" Mon, 08 Jun 2026 22:58:42 GMT 141.480ms
[2026-06-09 15:12:20.034][INF][HttpResponseLoggingExtension] <2> HTTP: OK GET https://api.maa.plus/MaaAssistantArknights/api/version/beta.json "6a27191c-6283" Mon, 08 Jun 2026 19:33:48 GMT 276.184ms
[2026-06-09 15:12:28.831][INF][HttpResponseLoggingExtension] <2> HTTP: NotModified GET https://api.maa.plus/MaaAssistantArknights/api/version/summary.json "6a274922-262" Mon, 08 Jun 2026 22:58:42 GMT 143.832ms
[2026-06-09 15:12:29.287][INF][HttpResponseLoggingExtension] <2> HTTP: NotModified GET https://api.maa.plus/MaaAssistantArknights/api/version/beta.json "6a27191c-6283" Mon, 08 Jun 2026 19:33:48 GMT 455.427ms
[2026-06-09 15:12:29.775][INF][HttpResponseLoggingExtension] <2> HTTP: NotModified GET https://api.maa.plus/MaaAssistantArknights/api/version/summary.json "6a274922-262" Mon, 08 Jun 2026 22:58:42 GMT 141.563ms
[2026-06-09 15:12:29.918][INF][HttpResponseLoggingExtension] <2> HTTP: NotModified GET https://api.maa.plus/MaaAssistantArknights/api/version/beta.json "6a27191c-6283" Mon, 08 Jun 2026 19:33:48 GMT 142.146ms
[2026-06-09 15:12:31.409][INF][HttpResponseLoggingExtension] <2> HTTP: NotModified GET https://api.maa.plus/MaaAssistantArknights/api/version/summary.json "6a274922-262" Mon, 08 Jun 2026 22:58:42 GMT 142.068ms
[2026-06-09 15:12:31.550][INF][HttpResponseLoggingExtension] <2> HTTP: NotModified GET https://api.maa.plus/MaaAssistantArknights/api/version/beta.json "6a27191c-6283" Mon, 08 Jun 2026 19:33:48 GMT 140.517ms
[2026-06-09 15:12:45.247][INF][HttpResponseLoggingExtension] <2> HTTP: NotModified GET https://api.maa.plus/MaaAssistantArknights/api/version/summary.json "6a274922-262" Mon, 08 Jun 2026 22:58:42 GMT 141.436ms
[2026-06-09 15:12:45.388][INF][HttpResponseLoggingExtension] <2> HTTP: NotModified GET https://api.maa.plus/MaaAssistantArknights/api/version/beta.json "6a27191c-6283" Mon, 08 Jun 2026 19:33:48 GMT 140.383ms
[2026-06-09 15:12:45.399][INF][VersionUpdateDialogViewModel] <2> Start test legacy download urls
[2026-06-09 15:12:47.081][INF][HttpResponseLoggingExtension] <12> HTTP: OK HEAD https://release-assets.githubusercontent.com/github-production-release-asset/558668121/4dcda986-68b0-425a-8c61-6e5c523b28dc?sp=r&sv=2018-11-09&sr=b&spr=https&se=2026-06-09T07%3A57%3A56Z&rscd=attachment%3B+filename%3DMAAComponent-OTA-v6.11.1_v6.12.0-beta.1-win-x64.zip&rsct=application%2Foctet-stream&skoid=96c2d410-5711-43a1-aedd-ab1947aa7ab0&sktid=398a6654-997b-47e9-b12b-9515b896b4de&skt=2026-06-09T06%3A57%3A20Z&ske=2026-06-09T07%3A57%3A56Z&sks=b&skv=2018-11-09&sig=KCPEpHTwJqhOByYXKYoKjaJ5vVhfSSafwb62TLE8Ihk%3D&jwt=eyJ0eXAiOiJKV1QiLCJhbGciOiJIUzI1NiJ9.eyJpc3MiOiJnaXRodWIuY29tIiwiYXVkIjoicmVsZWFzZS1hc3NldHMuZ2l0aHVidXNlcmNvbnRlbnQuY29tIiwia2V5Ijoia2V5MSIsImV4cCI6MTc4MDk4OTQ2NywibmJmIjoxNzgwOTg5MTY3LCJwYXRoIjoicmVsZWFzZWFzc2V0cHJvZHVjdGlvbi5ibG9iLmNvcmUud2luZG93cy5uZXQifQ.CJl-pnqbZwhblXG1HK09xv9ACYc30bnSfu-9h6Fz7YQ&response-content-disposition=attachment%3B%20filename%3DMAAComponent-OTA-v6.11.1_v6.12.0-beta.1-win-x64.zip&response-content-type=application%2Foctet-stream "0x8DEC593C058EE2B" Mon, 08 Jun 2026 19:25:51 GMT 1680.861ms
[2026-06-09 15:12:47.083][INF][ConfigurationHelper]    <2> Read configuration key VersionUpdate.Proxy with global configuration value , configuration hit: true, configuration value 
[2026-06-09 15:12:47.083][INF][VersionUpdateDialogViewModel] <2> Selecting the fastest mirror:
[2026-06-09 15:12:47.084][INF][VersionUpdateDialogViewModel] <2> 	url: https://github.com/MaaAssistantArknights/MaaRelease/releases/download/v6.12.0-beta.1/MAAComponent-OTA-v6.11.1_v6.12.0-beta.1-win-x64.zip, legacy: 1680.86ms
[2026-06-09 15:12:47.084][INF][VersionUpdateDialogViewModel] <2> Selected mirror: https://github.com/MaaAssistantArknights/MaaRelease/releases/download/v6.12.0-beta.1/MAAComponent-OTA-v6.11.1_v6.12.0-beta.1-win-x64.zip
[2026-06-09 15:12:47.084][INF][HttpService]            <2> Start to download file from "https://github.com/MaaAssistantArknights/MaaRelease/releases/download/v6.12.0-beta.1/MAAComponent-OTA-v6.11.1_v6.12.0-beta.1-win-x64.zip" and save to D:\1-2\MAAOrch\services\maa\v6.11.1\MAAComponent-OTA-v6.11.1_v6.12.0-beta.1-win-x64.zip.temp
[2026-06-09 15:12:47.765][INF][HttpResponseLoggingExtension] <2> HTTP: OK GET https://release-assets.githubusercontent.com/github-production-release-asset/558668121/4dcda986-68b0-425a-8c61-6e5c523b28dc?sp=r&sv=2018-11-09&sr=b&spr=https&se=2026-06-09T07%3A57%3A58Z&rscd=attachment%3B+filename%3DMAAComponent-OTA-v6.11.1_v6.12.0-beta.1-win-x64.zip&rsct=application%2Foctet-stream&skoid=96c2d410-5711-43a1-aedd-ab1947aa7ab0&sktid=398a6654-997b-47e9-b12b-9515b896b4de&skt=2026-06-09T06%3A57%3A55Z&ske=2026-06-09T07%3A57%3A58Z&sks=b&skv=2018-11-09&sig=UOz8EE%2FhXwSoriXYrf4Hi43eZ2nORrU38a86nXLS8AI%3D&jwt=eyJ0eXAiOiJKV1QiLCJhbGciOiJIUzI1NiJ9.eyJpc3MiOiJnaXRodWIuY29tIiwiYXVkIjoicmVsZWFzZS1hc3NldHMuZ2l0aHVidXNlcmNvbnRlbnQuY29tIiwia2V5Ijoia2V5MSIsImV4cCI6MTc4MDk4OTQ2NywibmJmIjoxNzgwOTg5MTY3LCJwYXRoIjoicmVsZWFzZWFzc2V0cHJvZHVjdGlvbi5ibG9iLmNvcmUud2luZG93cy5uZXQifQ.CJl-pnqbZwhblXG1HK09xv9ACYc30bnSfu-9h6Fz7YQ&response-content-disposition=attachment%3B%20filename%3DMAAComponent-OTA-v6.11.1_v6.12.0-beta.1-win-x64.zip&response-content-type=application%2Foctet-stream "0x8DEC593C058EE2B" Mon, 08 Jun 2026 19:25:51 GMT 680.531ms
[2026-06-09 15:12:48.696][INF][HttpService]            <2> Remove download temp file D:\1-2\MAAOrch\services\maa\v6.11.1\MAAComponent-OTA-v6.11.1_v6.12.0-beta.1-win-x64.zip.temp
[2026-06-09 15:12:51.014][INF][HttpResponseLoggingExtension] <2> HTTP: NotModified GET https://api.maa.plus/MaaAssistantArknights/api/version/summary.json "6a274922-262" Mon, 08 Jun 2026 22:58:42 GMT 143.740ms
[2026-06-09 15:12:51.157][INF][HttpResponseLoggingExtension] <2> HTTP: NotModified GET https://api.maa.plus/MaaAssistantArknights/api/version/beta.json "6a27191c-6283" Mon, 08 Jun 2026 19:33:48 GMT 142.317ms
[2026-06-09 15:12:51.168][INF][VersionUpdateDialogViewModel] <2> Start test legacy download urls
[2026-06-09 15:12:51.350][INF][HttpResponseLoggingExtension] <22> HTTP: OK HEAD https://release-assets.githubusercontent.com/github-production-release-asset/558668121/4dcda986-68b0-425a-8c61-6e5c523b28dc?sp=r&sv=2018-11-09&sr=b&spr=https&se=2026-06-09T07%3A57%3A56Z&rscd=attachment%3B+filename%3DMAAComponent-OTA-v6.11.1_v6.12.0-beta.1-win-x64.zip&rsct=application%2Foctet-stream&skoid=96c2d410-5711-43a1-aedd-ab1947aa7ab0&sktid=398a6654-997b-47e9-b12b-9515b896b4de&skt=2026-06-09T06%3A57%3A20Z&ske=2026-06-09T07%3A57%3A56Z&sks=b&skv=2018-11-09&sig=KCPEpHTwJqhOByYXKYoKjaJ5vVhfSSafwb62TLE8Ihk%3D&jwt=eyJ0eXAiOiJKV1QiLCJhbGciOiJIUzI1NiJ9.eyJpc3MiOiJnaXRodWIuY29tIiwiYXVkIjoicmVsZWFzZS1hc3NldHMuZ2l0aHVidXNlcmNvbnRlbnQuY29tIiwia2V5Ijoia2V5MSIsImV4cCI6MTc4MDk4OTQ2NywibmJmIjoxNzgwOTg5MTY3LCJwYXRoIjoicmVsZWFzZWFzc2V0cHJvZHVjdGlvbi5ibG9iLmNvcmUud2luZG93cy5uZXQifQ.CJl-pnqbZwhblXG1HK09xv9ACYc30bnSfu-9h6Fz7YQ&response-content-disposition=attachment%3B%20filename%3DMAAComponent-OTA-v6.11.1_v6.12.0-beta.1-win-x64.zip&response-content-type=application%2Foctet-stream "0x8DEC593C058EE2B" Mon, 08 Jun 2026 19:25:51 GMT 181.877ms
[2026-06-09 15:12:51.350][INF][VersionUpdateDialogViewModel] <2> Selecting the fastest mirror:
[2026-06-09 15:12:51.350][INF][VersionUpdateDialogViewModel] <2> 	url: https://github.com/MaaAssistantArknights/MaaRelease/releases/download/v6.12.0-beta.1/MAAComponent-OTA-v6.11.1_v6.12.0-beta.1-win-x64.zip, legacy: 181.88ms
[2026-06-09 15:12:51.350][INF][VersionUpdateDialogViewModel] <2> Selected mirror: https://github.com/MaaAssistantArknights/MaaRelease/releases/download/v6.12.0-beta.1/MAAComponent-OTA-v6.11.1_v6.12.0-beta.1-win-x64.zip
[2026-06-09 15:12:51.350][INF][HttpService]            <2> Start to download file from "https://github.com/MaaAssistantArknights/MaaRelease/releases/download/v6.12.0-beta.1/MAAComponent-OTA-v6.11.1_v6.12.0-beta.1-win-x64.zip" and save to D:\1-2\MAAOrch\services\maa\v6.11.1\MAAComponent-OTA-v6.11.1_v6.12.0-beta.1-win-x64.zip.temp
[2026-06-09 15:12:51.530][INF][HttpResponseLoggingExtension] <2> HTTP: OK GET https://release-assets.githubusercontent.com/github-production-release-asset/558668121/4dcda986-68b0-425a-8c61-6e5c523b28dc?sp=r&sv=2018-11-09&sr=b&spr=https&se=2026-06-09T07%3A57%3A58Z&rscd=attachment%3B+filename%3DMAAComponent-OTA-v6.11.1_v6.12.0-beta.1-win-x64.zip&rsct=application%2Foctet-stream&skoid=96c2d410-5711-43a1-aedd-ab1947aa7ab0&sktid=398a6654-997b-47e9-b12b-9515b896b4de&skt=2026-06-09T06%3A57%3A55Z&ske=2026-06-09T07%3A57%3A58Z&sks=b&skv=2018-11-09&sig=UOz8EE%2FhXwSoriXYrf4Hi43eZ2nORrU38a86nXLS8AI%3D&jwt=eyJ0eXAiOiJKV1QiLCJhbGciOiJIUzI1NiJ9.eyJpc3MiOiJnaXRodWIuY29tIiwiYXVkIjoicmVsZWFzZS1hc3NldHMuZ2l0aHVidXNlcmNvbnRlbnQuY29tIiwia2V5Ijoia2V5MSIsImV4cCI6MTc4MDk4OTQ2NywibmJmIjoxNzgwOTg5MTY3LCJwYXRoIjoicmVsZWFzZWFzc2V0cHJvZHVjdGlvbi5ibG9iLmNvcmUud2luZG93cy5uZXQifQ.CJl-pnqbZwhblXG1HK09xv9ACYc30bnSfu-9h6Fz7YQ&response-content-disposition=attachment%3B%20filename%3DMAAComponent-OTA-v6.11.1_v6.12.0-beta.1-win-x64.zip&response-content-type=application%2Foctet-stream "0x8DEC593C058EE2B" Mon, 08 Jun 2026 19:25:51 GMT 179.917ms
[2026-06-09 15:12:51.701][INF][RunningState]           <2> Idle state confirmed after 3 checks.
[2026-06-09 15:12:52.067][INF][HttpService]            <2> Remove download temp file D:\1-2\MAAOrch\services\maa\v6.11.1\MAAComponent-OTA-v6.11.1_v6.12.0-beta.1-win-x64.zip.temp
[2026-06-09 15:12:52.897][INF][Bootstrapper]           <2> Shutdown and restart without Args, call by `AskToRestartCore`
[2026-06-09 15:12:52.928][INF][Bootstrapper]           <2> Shutdown called by `OnClose`
[2026-06-09 15:12:52.936][INF][ConfigurationHelper]    <2> D:\1-2\MAAOrch\services\maa\v6.11.1\config\gui.json saved
[2026-06-09 15:12:52.936][INF][ConfigurationHelper]    <2> Waiting for save task to complete
[2026-06-09 15:12:52.963][INF][ConfigurationHelper]    <2> D:\1-2\MAAOrch\services\maa\v6.11.1\config\gui.new.json saved
[2026-06-09 15:12:52.963][INF][Bootstrapper]           <2> MaaAssistantArknights GUI exited
[2026-06-09 15:12:52.963][INF][Bootstrapper]           <2> 
[2026-06-09 15:12:53.261][INF][Bootstrapper]           <2> ===================================
[2026-06-09 15:12:53.269][INF][Bootstrapper]           <2> MaaAssistantArknights GUI started
[2026-06-09 15:12:53.270][INF][Bootstrapper]           <2> Version v6.11.1
[2026-06-09 15:12:53.271][INF][Bootstrapper]           <2> Built at 2026-06-02T05:49:51.3546842+08:00
[2026-06-09 15:12:53.271][INF][Bootstrapper]           <2> Maa ENV: Production
[2026-06-09 15:12:53.271][INF][Bootstrapper]           <2> Command Line: D:\1-2\MAAOrch\services\maa\v6.11.1\MAA.dll
[2026-06-09 15:12:53.271][INF][Bootstrapper]           <2> User Dir D:\1-2\MAAOrch\services\maa\v6.11.1\
[2026-06-09 15:12:53.273][INF][Bootstrapper]           <2> ===================================
[2026-06-09 15:12:53.352][INF][ConfigurationHelper]    <2> D:\1-2\MAAOrch\services\maa\v6.11.1\config\gui.json.bak saved
[2026-06-09 15:12:54.177][INF][Bootstrapper]           <2> Pending update package detected, applying before full startup
[2026-06-09 15:12:54.295][INF][PendingUpdateApplier]   <2> Delegating pending update apply to external updater: packageType=ota, reason=OTA touches runtime-sensitive path 'filelist.txt'
[2026-06-09 15:12:54.297][INF][PendingUpdateApplier]   <2> Pending update package contains MAA.Updater.exe. Replaced updater before delegation: D:\1-2\MAAOrch\services\maa\v6.11.1\MAA.Updater.exe
[2026-06-09 15:12:54.303][INF][PendingUpdateApplier]   <2> Delegating pending update apply to external updater: packageType=ota, rootDir=D:\1-2\MAAOrch\services\maa\v6.11.1\, extractDir=D:\1-2\MAAOrch\services\maa\v6.11.1\NewVersionExtract, packagePath=MAAComponent-OTA-v6.11.1_v6.12.0-beta.1-win-x64.zip, showUpdaterConsole=false
[2026-06-09 15:12:54.365][INF][Bootstrapper]           <2> Pending update package handed off to external updater, exiting current process
[2026-06-09 15:12:54.365][INF][Bootstrapper]           <2> Shutdown called by `OnStart`
[2026-06-09 15:12:54.691][INF][ConfigurationHelper]    <2> D:\1-2\MAAOrch\services\maa\v6.11.1\config\gui.new.json.bak saved
[2026-06-09 15:12:54.700][INF][AsstProxy]              <2> AsstSetUserDir dirame: D:\1-2\MAAOrch\services\maa\v6.11.1\
[2026-06-09 15:12:54.700][INF][AsstProxy]              <2> AsstSetUserDir ret: true
[2026-06-09 15:12:55.148][INF][ItemListHelper]         <2> Loading item list from D:\1-2\MAAOrch\services\maa\v6.11.1\resource\item_index.json
[2026-06-09 15:12:55.209][INF][ConfigurationHelper]    <2> D:\1-2\MAAOrch\services\maa\v6.11.1\config\gui.json saved
[2026-06-09 15:12:55.216][INF][ConfigurationHelper]    <2> D:\1-2\MAAOrch\services\maa\v6.11.1\config\gui.new.json saved
[2026-06-09 15:12:55.216][INF][Bootstrapper]           <2> MaaAssistantArknights GUI exited
[2026-06-09 15:12:55.216][INF][Bootstrapper]           <2> 
[2026-06-09 15:12:55.820][INF][Bootstrapper]           <2> ===================================
[2026-06-09 15:12:55.828][INF][Bootstrapper]           <2> MaaAssistantArknights GUI started
[2026-06-09 15:12:55.829][INF][Bootstrapper]           <2> Version v6.12.0-beta.1
[2026-06-09 15:12:55.830][INF][Bootstrapper]           <2> Built at 2026-06-09T03:12:16.2197203+08:00
[2026-06-09 15:12:55.830][INF][Bootstrapper]           <2> Maa ENV: Production
[2026-06-09 15:12:55.830][INF][Bootstrapper]           <2> Command Line: D:\1-2\MAAOrch\services\maa\v6.11.1\MAA.dll
[2026-06-09 15:12:55.830][INF][Bootstrapper]           <2> User Dir D:\1-2\MAAOrch\services\maa\v6.11.1\
[2026-06-09 15:12:55.832][INF][Bootstrapper]           <2> ===================================
[2026-06-09 15:12:55.911][INF][ConfigurationHelper]    <2> D:\1-2\MAAOrch\services\maa\v6.11.1\config\gui.json.bak saved
[2026-06-09 15:12:56.666][INF][Bootstrapper]           <2> Delegated pending update completed successfully
[2026-06-09 15:12:56.914][INF][ConfigurationHelper]    <2> D:\1-2\MAAOrch\services\maa\v6.11.1\config\gui.new.json.bak saved
[2026-06-09 15:12:57.027][INF][AsstProxy]              <2> AsstSetUserDir dirame: D:\1-2\MAAOrch\services\maa\v6.11.1\
[2026-06-09 15:12:57.028][INF][AsstProxy]              <2> AsstSetUserDir ret: true
[2026-06-09 15:12:57.789][INF][ConfigurationHelper]    <2> Configuration Root.Configurations.Default.SpecificConfig.TaskSelectedIndex has been set: `-1` -> `1`, save scheduled
[2026-06-09 15:12:57.808][INF][ItemListHelper]         <2> Loading item list from D:\1-2\MAAOrch\services\maa\v6.11.1\resource\item_index.json
[2026-06-09 15:12:57.818][INF][ConfigurationHelper]    <2> Configuration Root.Configurations.Default.[1](FightTask).StagePlan has been set: `[""]` -> `[""]`, save scheduled
[2026-06-09 15:12:57.834][INF][FightSettingsUserControlModel] <2> UpdateStageList Enter
[2026-06-09 15:12:57.836][INF][ConfigurationHelper]    <2> Configuration Root.Configurations.Default.[1](FightTask).StagePlan has been set: `[""]` -> `[""]`, save scheduled
[2026-06-09 15:12:57.838][INF][FightSettingsUserControlModel] <2> UpdateStageList Exit, 3 ms
[2026-06-09 15:12:57.979][INF][AsstProxy]              <8> Using GPU NVIDIA GeForce RTX 3060 Laptop GPU (Driver 32.0.16.1047 2026-05-19)
[2026-06-09 15:12:58.126][INF][AsstProxy]              <8> LoadResource Enter
[2026-06-09 15:12:58.128][INF][AsstProxy]              <8> Moved D:\1-2\MAAOrch\services\maa\v6.11.1\cache\resource\tasks.json to D:\1-2\MAAOrch\services\maa\v6.11.1\cache\resource\tasks\tasks.json
[2026-06-09 15:12:58.128][INF][AsstProxy]              <8> Load resource: D:\1-2\MAAOrch\services\maa\v6.11.1\resource
[2026-06-09 15:12:58.128][INF][AsstProxy]              <8> AsstLoadResource dirname: D:\1-2\MAAOrch\services\maa\v6.11.1
[2026-06-09 15:12:58.406][INF][AsstProxy]              <8> AsstLoadResource ret: true
[2026-06-09 15:12:58.406][INF][AsstProxy]              <8> Load resource: D:\1-2\MAAOrch\services\maa\v6.11.1\cache\resource
[2026-06-09 15:12:58.406][INF][AsstProxy]              <8> AsstLoadResource dirname: D:\1-2\MAAOrch\services\maa\v6.11.1\cache
[2026-06-09 15:12:58.475][INF][HttpResponseLoggingExtension] <21> HTTP: OK GET https://api.maa.plus/MaaAssistantArknights/api/announcements/wpf.md "6a270925-1ad8" Mon, 08 Jun 2026 18:25:41 GMT 607.312ms
[2026-06-09 15:12:58.491][INF][AsstProxy]              <8> AsstLoadResource ret: true
[2026-06-09 15:12:58.491][INF][AsstProxy]              <8> LoadResource Exit, 364 ms
[2026-06-09 15:12:58.492][INF][RunningState]           <8> Init: false to true (called from Init)
[2026-06-09 15:12:59.533][INF][WindowManager]          <2> Whether the window placement was set successfully: true
[2026-06-09 15:12:59.615][INF][HttpResponseLoggingExtension] <2> HTTP: OK GET https://api.maa.plus/MaaAssistantArknights/api/gui/StageActivityV2.json "6a217280-3054" Thu, 04 Jun 2026 12:41:36 GMT 1769.811ms
[2026-06-09 15:12:59.619][INF][HttpResponseLoggingExtension] <2> HTTP: OK GET https://api.maa.plus/MaaAssistantArknights/api/resource/tasks.json "6a1e3bc5-6" Tue, 02 Jun 2026 02:11:17 GMT 1767.411ms
[2026-06-09 15:12:59.641][INF][FightSettingsUserControlModel] <2> UpdateStageList Enter
[2026-06-09 15:12:59.668][INF][ConfigurationHelper]    <2> Configuration Root.Configurations.Default.[1](FightTask).StagePlan has been set: `[""]` -> `[""]`, save scheduled
[2026-06-09 15:12:59.671][INF][FightSettingsUserControlModel] <2> UpdateStageList Exit, 29 ms
[2026-06-09 15:12:59.676][INF][Bootstrapper]           <2> Existing instance window activated by a secondary launch
[2026-06-09 15:13:02.634][INF][RunningState]           <6> Idle state confirmed after 3 checks.
[2026-06-09 15:13:02.636][INF][AsstProxy]              <14> LoadResource Enter
[2026-06-09 15:13:02.637][INF][AsstProxy]              <14> Moved D:\1-2\MAAOrch\services\maa\v6.11.1\cache\resource\tasks.json to D:\1-2\MAAOrch\services\maa\v6.11.1\cache\resource\tasks\tasks.json
[2026-06-09 15:13:02.637][INF][AsstProxy]              <14> Load resource: D:\1-2\MAAOrch\services\maa\v6.11.1\resource
[2026-06-09 15:13:02.637][INF][AsstProxy]              <14> AsstLoadResource dirname: D:\1-2\MAAOrch\services\maa\v6.11.1
[2026-06-09 15:13:02.937][INF][AsstProxy]              <14> AsstLoadResource ret: true
[2026-06-09 15:13:02.937][INF][AsstProxy]              <14> Load resource: D:\1-2\MAAOrch\services\maa\v6.11.1\cache\resource
[2026-06-09 15:13:02.937][INF][AsstProxy]              <14> AsstLoadResource dirname: D:\1-2\MAAOrch\services\maa\v6.11.1\cache
[2026-06-09 15:13:03.036][INF][AsstProxy]              <14> AsstLoadResource ret: true
[2026-06-09 15:13:03.037][INF][AsstProxy]              <14> LoadResource Exit, 400 ms
[2026-06-09 15:13:19.814][INF][Bootstrapper]           <2> Shutdown called by `OnClose`
[2026-06-09 15:13:19.821][INF][ConfigurationHelper]    <2> D:\1-2\MAAOrch\services\maa\v6.11.1\config\gui.json saved
[2026-06-09 15:13:19.822][INF][ConfigurationHelper]    <2> Waiting for save task to complete
[2026-06-09 15:13:19.844][INF][ConfigurationHelper]    <2> D:\1-2\MAAOrch\services\maa\v6.11.1\config\gui.new.json saved
[2026-06-09 15:13:19.844][INF][Bootstrapper]           <2> MaaAssistantArknights GUI exited
[2026-06-09 15:13:19.845][INF][Bootstrapper]           <2> 
