
[2026-06-10 15:37:06] [CRASH] [crash]
Traceback (most recent call last):
  File "D:\1-2\MAAOrch\main.pyw", line 107, in <module>
    main()
  File "D:\1-2\MAAOrch\main.pyw", line 101, in main
    win = MainWindow()
          ^^^^^^^^^^^^
  File "D:\1-2\MAAOrch\app\main_window.py", line 76, in __init__
    save_config(self.config)
    ^^^^^^^^^^^
UnboundLocalError: cannot access local variable 'save_config' where it is not associated with a value


[2026-06-11 16:35:40] [CRASH] [crash]
Traceback (most recent call last):
  File "D:\1-2\MAAOrch\app\main_window.py", line 672, in _poll
    self.maint.poll()
  File "D:\1-2\MAAOrch\services\instance_pool.py", line 366, in poll
    self.ctx._mw.runner.check_processes()
  File "D:\1-2\MAAOrch\services\runner.py", line 469, in check_processes
    self._check_resources()
  File "D:\1-2\MAAOrch\services\runner.py", line 447, in _check_resources
    pp = psutil.Process(p.pid)
                        ^^^^^
AttributeError: 'str' object has no attribute 'pid'

