[2026-06-08 17:11:20.416][INF][Bootstrapper]           <2> ===================================
[2026-06-08 17:11:20.446][INF][Bootstrapper]           <2> MaaAssistantArknights GUI started
[2026-06-08 17:11:20.447][INF][Bootstrapper]           <2> Version v6.11.1
[2026-06-08 17:11:20.448][INF][Bootstrapper]           <2> Built at 2026-06-02T05:49:51.3546842+08:00
[2026-06-08 17:11:20.448][INF][Bootstrapper]           <2> Maa ENV: Production
[2026-06-08 17:11:20.448][INF][Bootstrapper]           <2> Command Line: D:\1-2\MAAOrch\maa\source\MAA.dll
[2026-06-08 17:11:20.449][INF][Bootstrapper]           <2> User Dir D:\1-2\MAAOrch\maa\source\
[2026-06-08 17:11:20.512][INF][Bootstrapper]           <2> ===================================
[2026-06-08 17:11:20.659][WRN][ConfigurationHelper]    <2> Failed to load configuration file and/or backup file, using default settings
[2026-06-08 17:11:22.291][INF][ConfigurationHelper]    <2> Failed to load configuration file, creating a new one
[2026-06-08 17:11:22.430][INF][ConfigurationHelper]    <2> D:\1-2\MAAOrch\maa\source\config\gui.new.json.bak saved
[2026-06-08 17:11:22.443][INF][ConfigurationHelper]    <2> Configuration Root.Configurations.Default has been set: `null` -> `MaaWpfGui.Configuration.Single.SpecificConfig`, save scheduled
[2026-06-08 17:11:24.175][INF][AsstProxy]              <2> AsstSetUserDir dirame: D:\1-2\MAAOrch\maa\source\
[2026-06-08 17:11:24.176][INF][AsstProxy]              <2> AsstSetUserDir ret: true
[2026-06-08 17:11:27.039][INF][ItemListHelper]         <2> Loading item list from D:\1-2\MAAOrch\maa\source\resource\item_index.json
[2026-06-08 17:11:27.063][INF][FightSettingsUserControlModel] <2> UpdateStageList Enter
[2026-06-08 17:11:27.069][INF][FightSettingsUserControlModel] <2> UpdateStageList Exit, 5 ms
[2026-06-08 17:11:27.125][INF][AsstProxy]              <9> LoadResource Enter
[2026-06-08 17:11:27.126][INF][AsstProxy]              <9> Load resource: D:\1-2\MAAOrch\maa\source\resource
[2026-06-08 17:11:27.127][INF][AsstProxy]              <9> AsstLoadResource dirname: D:\1-2\MAAOrch\maa\source
[2026-06-08 17:11:29.040][INF][AsstProxy]              <9> AsstLoadResource ret: true
[2026-06-08 17:11:29.040][WRN][AsstProxy]              <9> Resource not found: D:\1-2\MAAOrch\maa\source\cache\resource
[2026-06-08 17:11:29.041][INF][AsstProxy]              <9> LoadResource Exit, 1,915 ms
[2026-06-08 17:11:29.042][INF][RunningState]           <9> Init: false to true (called from Init)
[2026-06-08 17:11:29.114][INF][HttpResponseLoggingExtension] <15> HTTP: OK GET https://api.maa.plus/MaaAssistantArknights/api/announcements/wpf.md "6a0cbe3f-18f9" Tue, 19 May 2026 19:47:11 GMT 2005.780ms
[2026-06-08 17:11:29.118][INF][AnnouncementDialogViewModel] <15> ### 恶意捆绑及仿冒仓库 (NEW!!!)

近期我们收到大量反馈，存在部分第三方账号以"MAA 教程 / 整合包 / 拓展功能"等名义发布视频，并通过"关注 + 三连 + 私信 / 网盘"等方式传播资源。  
目前已发现有人冒充项目创建假仓库、篡改源码等行为，甚至在其中夹带恶意可执行文件——例如在系统临时目录释放隐蔽的可执行程序，用于窃取个人信息、植入木马等。

我们已经针对已发现的仿冒仓库向 GitHub 提交了 DMCA 投诉，但由于处理流程原因，相关仓库目前仍可能被搜索到。

在此提醒大家：

• MAA 及相关项目完全免费、开源，**不会**以"关注、三连、私信"等方式作为获取资源的前提条件；  
• **官方唯一安全入口是[官网](https://maa.plus)**，所有下载链接、仓库地址均通过官网提供。搜索结果中可能存在同名仿冒仓库，请务必以官网链接为准；  
• 因部分地区 GitHub 下载较慢，我们会在官方用户群的群文件中同步上传最新版压缩包。官方群入口可在官网查看，或在软件设置 → 关于我们 → QQ 群中获取，请不要通过其他任何渠道加群；  
• 请谨慎使用各类整合包、修改版、二次打包版本，除非你完全信任其来源并已自行完成安全检测。

请大家注意辨别来源，保护自己的账号与设备安全，也欢迎帮忙转告身边朋友，避免踩坑。

----

### 📢 [MAA × Mirror酱] 社区资助计划

MAA 现已接入 [Mirror酱](https://mirrorchyan.com/?source=maa-anno) —— 一个面向开源社区的有偿分发平台：

🤝 **收益共享**

来自 [Mirror酱](https://mirrorchyan.com/?source=maa-anno) 的分成将用于 [MAA 官网](https://maa.plus/)、[作业站](https://zoot.plus/)及服务器维护。

❤️ **社区资助计划扩展**

作为非营利组织，**MAA 项目组** 与 **Mirror酱** 经友好协商后，决定联合启动 **社区资助计划**，将来自 **Mirror酱** 的收益分成及专项赞助资金，在扣除必要运营成本后，**全部** 用于为优质方舟社区项目承担运营成本。

<table>
  <tr>
    <td colspan="3">目前已为以下方舟社区项目承担服务器成本：</td>
  </tr>
  <tr>
    <td><a href="https://penguin-stats.cn/">企鹅物流数据统计</a></td>
    <td><a href="https://ark.yituliu.cn/">明日方舟一图流</a></td>
    <td><a href="https://wiki.arkrec.com/">明日方舟少人 WIKI</a></td>
  </tr>
  <tr>
    <td><a href="https://arkrog.com/">影语集</a></td>
    <td><a href="https://map.ark-nights.com/">PRTS.Map</a></td>
    <td><a href="https://www.amiyabot.com/">AmiyaBot</a></td>
  </tr>
  <tr>
    <td><a href="https://arkntools.app/">明日方舟工具箱</a></td>
    <td><a href="https://lungmendragons.com/">Lungmen Dragons</a></td>
    <td><a href="https://www.krooster.com/">ak-roster</a></td>
  </tr>
</table>

**资助原则**：  
• 清偿历史赤字  
• 持续支付服务器 / CDN 费用  
• 不参与项目内部运营，仅提供后勤支持

📜 **公告原文**: [链接](https://github.com/MaaAssistantArknights/MaaAssistantArknights/issues/12328)

----

### 📋 使用指引

**📖 官网与文档**  
您可以在「设置 - 关于我们 - 官网」找到 MAA 的官方网站和完整文档。

**🛟 遇到问题时**  
您可以前往「设置 - 问题反馈 - 打开日志文件夹」查看日志，了解错误发生的具体原因  
请使用「设置 - 问题反馈 - 生成日志压缩包」生成错误报告，并点击蓝色的「问题反馈」链接提交反馈

**⚠️ 反馈规范**  
MAA Team 仅受理用户通过 GitHub 平台依照 Issue 模板规范提交的反馈，并保留对所有反馈的处理决定权。

**💡 参与开源**  
作为开源项目，用户可依据 AGPL-3.0 许可证在 GitHub 平台参与 MAA 的开发。MAA Team 鼓励用户通过更有价值的代码贡献代替问题反馈。

**📄 用户协议**  
使用 MAA 即表示您同意遵守「用户协议」，完整协议内容可在官网底部的链接中查看。

----

### 现行更新方式

🌏 **海外源**

• **软件版本**：由 **MAA Team** 提供更新检测，从 **GitHub** 拉取更新包  
• **资源版本**：由 **Mirror酱** 提供免费的更新检测，可手动在设置中点击 `资源更新` 从 **GitHub** 下载

🔑 **Mirror酱**

填写 [CDK](https://mirrorchyan.com/?source=maa-anno) 后，支持**软件与资源的自动更新**，优先通过 **Mirror酱** 高速 CDN 下载，更稳定快速

📦 [**手动更新**](https://github.com/MaaAssistantArknights/MaaAssistantArknights/issues/10033)

• **软件版本**：解压完整包至**新**文件夹，可复制旧文件夹里的 `config` 和 `data` 文件夹来保留数据  
  ⚠️ 请勿直接覆盖，部分版本需清理旧文件，而手动覆盖不会执行这一步骤，错误操作可能会报资源损坏 ⚠️  
  🆕 v6.8.0-beta.2 及之后版本支持将软件完整包或对应版本的 OTA 更新 zip 包直接拖入软件窗口自动更新，并会正常执行旧文件清理步骤  
• **资源版本**：下载 [资源包](https://github.com/MaaAssistantArknights/MaaResource/archive/refs/heads/main.zip) 后，直接覆盖现有的 `resource` 文件夹  
  ⚠️ 资源包为增量内容，**请勿删除原文件夹**，会报资源损坏 ⚠️

----

### 更新说明

**软件版本**：包含主程序的界面和功能更新。所有界面相关改动、新功能添加都通过软件更新发布。  
**资源版本**：独立的素材数据更新，包含自动战斗所需的新关卡地图、掉落识别所需的掉落物图标、公招识别所需的干员标签等内容。  
**导航热更**：自动触发。用于更新活动提示和活动关卡入口，成功后界面右上角会提示「热更数据获取成功」。

软件版本发布时包含当时最新资源，若不使用需要最新资源的功能，可以暂时不更新资源；需要时请及时更新资源以保证正确运行。

----

### 长期公告

请不要在明日方舟及鹰角在各平台（包括不限于：森空岛、B 站、微博）的 **官方动态** 下讨论任何关于 MAA 内容。  

请勿参加内鬼消息的传播，**禁止** 将内鬼消息发送至任何 MAA 群。

[2026-06-08 17:11:30.338][INF][HttpResponseLoggingExtension] <2> HTTP: OK GET https://api.maa.plus/MaaAssistantArknights/api/gui/StageActivityV2.json "6a217280-3054" Thu, 04 Jun 2026 12:41:36 GMT 3259.867ms
[2026-06-08 17:11:30.338][INF][HttpResponseLoggingExtension] <2> HTTP: OK GET https://api.maa.plus/MaaAssistantArknights/api/version/summary.json "6a25f59b-256" Sun, 07 Jun 2026 22:50:03 GMT 3228.925ms
[2026-06-08 17:11:30.340][INF][HttpResponseLoggingExtension] <2> HTTP: OK GET https://api.maa.plus/MaaAssistantArknights/api/resource/tasks.json "6a1e3bc5-6" Tue, 02 Jun 2026 02:11:17 GMT 3253.965ms
[2026-06-08 17:11:30.464][INF][FightSettingsUserControlModel] <2> UpdateStageList Enter
[2026-06-08 17:11:30.465][INF][FightSettingsUserControlModel] <2> UpdateStageList Exit, 0 ms
[2026-06-08 17:11:30.692][INF][HttpResponseLoggingExtension] <2> HTTP: OK GET https://mirrorchyan.com/api/resources/MaaResource/latest null null 233.580ms
[2026-06-08 17:11:30.693][INF][ResourceUpdater]        <2> {"code":0,"msg":"current resource latest version is 2026-06-05 05:50:51.000","data":{"version_name":"2026-06-05 05:50:51.000","version_number":245,"channel":"stable","os":"","arch":"","release_note":"幽境狩人"}}
[2026-06-08 17:11:30.694][INF][ResourceUpdater]        <2> New version found: 2026-06-05+05:50:51.000, 幽境狩人
[2026-06-08 17:11:33.442][INF][RunningState]           <15> Idle state confirmed after 3 checks.
[2026-06-08 17:11:33.444][INF][AsstProxy]              <20> LoadResource Enter
[2026-06-08 17:11:33.444][INF][AsstProxy]              <20> Created directory: D:\1-2\MAAOrch\maa\source\cache\resource\tasks
[2026-06-08 17:11:33.453][INF][AsstProxy]              <20> Moved D:\1-2\MAAOrch\maa\source\cache\resource\tasks.json to D:\1-2\MAAOrch\maa\source\cache\resource\tasks\tasks.json
[2026-06-08 17:11:33.453][INF][AsstProxy]              <20> Load resource: D:\1-2\MAAOrch\maa\source\resource
[2026-06-08 17:11:33.453][INF][AsstProxy]              <20> AsstLoadResource dirname: D:\1-2\MAAOrch\maa\source
[2026-06-08 17:11:33.747][INF][AsstProxy]              <20> AsstLoadResource ret: true
[2026-06-08 17:11:33.747][INF][AsstProxy]              <20> Load resource: D:\1-2\MAAOrch\maa\source\cache\resource
[2026-06-08 17:11:33.747][INF][AsstProxy]              <20> AsstLoadResource dirname: D:\1-2\MAAOrch\maa\source\cache
[2026-06-08 17:11:33.839][INF][AsstProxy]              <20> AsstLoadResource ret: true
[2026-06-08 17:11:33.840][INF][AsstProxy]              <20> LoadResource Exit, 395 ms
[2026-06-08 17:11:33.952][INF][ConfigurationHelper]    <2> Configuration AnnouncementInfo.DoNotShowAgain has been set: `false` -> `true`, save scheduled
[2026-06-08 17:11:44.638][INF][ConfigurationHelper]    <2> Configuration Root.Configurations.Default.[0](StartUpTask).IsEnable has been set: `true` -> `false`, save scheduled
[2026-06-08 17:11:44.639][INF][ConfigurationHelper]    <2> Configuration Root.Configurations.Default.[1](FightTask).IsEnable has been set: `true` -> `false`, save scheduled
[2026-06-08 17:11:44.639][INF][ConfigurationHelper]    <2> Configuration Root.Configurations.Default.[2](InfrastTask).IsEnable has been set: `true` -> `false`, save scheduled
[2026-06-08 17:11:44.639][INF][ConfigurationHelper]    <2> Configuration Root.Configurations.Default.[3](RecruitTask).IsEnable has been set: `true` -> `false`, save scheduled
[2026-06-08 17:11:44.640][INF][ConfigurationHelper]    <2> Configuration Root.Configurations.Default.[4](MallTask).IsEnable has been set: `true` -> `false`, save scheduled
[2026-06-08 17:11:44.640][INF][ConfigurationHelper]    <2> Configuration Root.Configurations.Default.[5](AwardTask).IsEnable has been set: `true` -> `false`, save scheduled
[2026-06-08 17:11:44.640][INF][ConfigurationHelper]    <2> Configuration Root.Configurations.Default.[6](RoguelikeTask).IsEnable has been set: `true` -> `false`, save scheduled
[2026-06-08 17:11:44.640][INF][ConfigurationHelper]    <2> Configuration Root.Configurations.Default.[7](ReclamationTask).IsEnable has been set: `true` -> `false`, save scheduled
[2026-06-08 17:11:44.641][INF][ConfigurationHelper]    <2> Configuration Root.Configurations.Default.[8](UserDataUpdateTask).IsEnable has been set: `true` -> `false`, save scheduled
[2026-06-08 17:11:48.224][INF][HttpResponseLoggingExtension] <2> HTTP: NotModified GET https://api.maa.plus/MaaAssistantArknights/api/version/summary.json "6a25f59b-256" Sun, 07 Jun 2026 22:50:03 GMT 143.605ms
[2026-06-08 17:11:49.293][INF][HttpResponseLoggingExtension] <2> HTTP: OK GET https://mirrorchyan.com/api/resources/MaaResource/latest null null 34.077ms
[2026-06-08 17:11:49.293][INF][ResourceUpdater]        <2> {"code":0,"msg":"current resource latest version is 2026-06-05 05:50:51.000","data":{"version_name":"2026-06-05 05:50:51.000","version_number":245,"channel":"stable","os":"","arch":"","release_note":"幽境狩人"}}
[2026-06-08 17:11:49.293][INF][ResourceUpdater]        <2> New version found: 2026-06-05+05:50:51.000, 幽境狩人
[2026-06-08 17:11:49.328][INF][HttpService]            <2> Start to download file from "https://github.com/MaaAssistantArknights/MaaResource/archive/refs/heads/main.zip" and save to D:\1-2\MAAOrch\maa\source\MaaResourceGithub.zip.temp
[2026-06-08 17:11:50.245][INF][HttpResponseLoggingExtension] <2> HTTP: OK GET https://codeload.github.com/MaaAssistantArknights/MaaResource/zip/refs/heads/main "d52d2653fff712b77625f13ef5f5597518707a1a35729d98b52fc770113d1ac1" null 916.975ms
[2026-06-08 17:11:52.220][INF][HttpService]            <2> Remove download temp file D:\1-2\MAAOrch\maa\source\MaaResourceGithub.zip.temp
[2026-06-08 17:12:01.702][INF][HttpResponseLoggingExtension] <2> HTTP: NotModified GET https://api.maa.plus/MaaAssistantArknights/api/version/summary.json "6a25f59b-256" Sun, 07 Jun 2026 22:50:03 GMT 141.029ms
[2026-06-08 17:12:03.798][INF][RunningState]           <2> Idle state confirmed after 3 checks.
[2026-06-08 17:12:03.799][INF][AsstProxy]              <24> LoadResource Enter
[2026-06-08 17:12:03.799][INF][AsstProxy]              <24> Moved D:\1-2\MAAOrch\maa\source\cache\resource\tasks.json to D:\1-2\MAAOrch\maa\source\cache\resource\tasks\tasks.json
[2026-06-08 17:12:03.799][INF][AsstProxy]              <24> Load resource: D:\1-2\MAAOrch\maa\source\resource
[2026-06-08 17:12:03.800][INF][AsstProxy]              <24> AsstLoadResource dirname: D:\1-2\MAAOrch\maa\source
[2026-06-08 17:12:04.140][INF][AsstProxy]              <24> AsstLoadResource ret: true
[2026-06-08 17:12:04.140][INF][AsstProxy]              <24> Load resource: D:\1-2\MAAOrch\maa\source\cache\resource
[2026-06-08 17:12:04.140][INF][AsstProxy]              <24> AsstLoadResource dirname: D:\1-2\MAAOrch\maa\source\cache
[2026-06-08 17:12:04.225][INF][AsstProxy]              <24> AsstLoadResource ret: true
[2026-06-08 17:12:04.225][INF][AsstProxy]              <24> LoadResource Exit, 426 ms
[2026-06-08 17:12:04.499][INF][HttpResponseLoggingExtension] <2> HTTP: NotModified GET https://api.maa.plus/MaaAssistantArknights/api/version/summary.json "6a25f59b-256" Sun, 07 Jun 2026 22:50:03 GMT 458.578ms
[2026-06-08 17:12:15.271][INF][HttpResponseLoggingExtension] <2> HTTP: NotModified GET https://api.maa.plus/MaaAssistantArknights/api/version/summary.json "6a25f59b-256" Sun, 07 Jun 2026 22:50:03 GMT 141.591ms
[2026-06-08 17:12:18.762][INF][HttpResponseLoggingExtension] <2> HTTP: OK GET https://mirrorchyan.com/api/resources/MaaResource/latest null null 39.409ms
[2026-06-08 17:12:18.762][INF][ResourceUpdater]        <2> {"code":0,"msg":"current resource latest version is 2026-06-05 05:50:51.000","data":{"version_name":"2026-06-05 05:50:51.000","version_number":245,"channel":"stable","os":"","arch":"","release_note":"placeholder"}}
[2026-06-08 17:12:56.557][INF][Bootstrapper]           <2> Shutdown called by `OnClose`
[2026-06-08 17:12:56.569][INF][ConfigurationHelper]    <2> D:\1-2\MAAOrch\maa\source\config\gui.json saved
[2026-06-08 17:12:56.569][INF][ConfigurationHelper]    <2> Waiting for save task to complete
[2026-06-08 17:12:56.595][INF][ConfigurationHelper]    <2> D:\1-2\MAAOrch\maa\source\config\gui.new.json saved
[2026-06-08 17:12:56.595][INF][Bootstrapper]           <2> MaaAssistantArknights GUI exited
[2026-06-08 17:12:56.596][INF][Bootstrapper]           <2> 
